// Vitest Snapshot v1, https://vitest.dev/guide/snapshot.html

exports[`yuque-dl CLI > ignore img should work  1`] = `
"# 🎁 语雀 · 大学生公益计划

- [👉🏻 常见问题 👈🏻](#%F0%9F%91%89%F0%9F%8F%BB-%E5%B8%B8%E8%A7%81%E9%97%AE%E9%A2%98-%F0%9F%91%88%F0%9F%8F%BB)
- [公益计划介绍](#%E5%85%AC%E7%9B%8A%E8%AE%A1%E5%88%92%E4%BB%8B%E7%BB%8D)
  * [规则](#%E8%A7%84%E5%88%99)
  * [操作指引](#%E6%93%8D%E4%BD%9C%E6%8C%87%E5%BC%95)
    + [适合新用户：语雀官网公益计划页认证](#%E9%80%82%E5%90%88%E6%96%B0%E7%94%A8%E6%88%B7%E8%AF%AD%E9%9B%80%E5%AE%98%E7%BD%91%E5%85%AC%E7%9B%8A%E8%AE%A1%E5%88%92%E9%A1%B5%E8%AE%A4%E8%AF%81)
    + [适合老用户：会员信息页直接认证](#%E9%80%82%E5%90%88%E8%80%81%E7%94%A8%E6%88%B7%E4%BC%9A%E5%91%98%E4%BF%A1%E6%81%AF%E9%A1%B5%E7%9B%B4%E6%8E%A5%E8%AE%A4%E8%AF%81)

---


##  👉🏻 常见问题 👈🏻 
[认证常见问题解决](https://www.yuque.com/yuque/welfare/faq?view=doc_embed)


## 公益计划介绍
助力梦想，相伴成长。
即日起，语雀面向**中国大陆各大学的大学生、教师**发布语雀公益计划-个人版。认证教育邮箱，即可免费享有语雀会员权益。

[语雀写给大学生的一封信](https://www.yuque.com/yuque/blog/welfare-edu?view=doc_embed)

### 规则
认证学校提供的 **edu.cn 结尾的教育邮箱**，即可免费获得 **1 年语雀会员**。

- 若你之前并非会员/已是专业会员，则获得 1 年专业会员；
- 若你已是超级会员，则获得 1 年超级会员。
- 1 年后，可在原入口进行**续期**，只要你还在校期间，就可以一直免费使用。


### 操作指引

#### 适合新用户：语雀官网公益计划页认证

- 打开 [语雀官网公益计划页](https://www.yuque.com/about/welfare) 

![image.png](https://cdn.nlark.com/yuque/0/2023/png/103125/1694522534230-9d9d42f9-bbba-46d3-8e9a-773f2951089d.png#averageHue=%23f9f7f4&clientId=u4fcd7a23-d992-4&from=paste&height=181&id=uf4e32c00&originHeight=1352&originWidth=2304&originalType=binary&ratio=2&rotation=0&showTitle=false&size=1111025&status=done&style=stroke&taskId=u586690d0-4f43-44da-97d0-96d9f9c74ba&title=&width=309)

- 在「个人版公益计划」下，点击【**立即认证**】

![image.png](https://cdn.nlark.com/yuque/0/2023/png/103125/1694522561681-3a568a52-7ef3-43ae-9067-d852f5556cf7.png#averageHue=%23fbfbfa&clientId=u4fcd7a23-d992-4&from=paste&height=199&id=uc86615fc&originHeight=1002&originWidth=1542&originalType=binary&ratio=2&rotation=0&showTitle=false&size=280905&status=done&style=stroke&taskId=u382422b9-1d6c-4483-b415-fdca20000b4&title=&width=307)

- 完成注册或登录后，来到「**账户设置-会员信息**」页面，输入教育邮箱，点击发送认证邮件

![image.png](https://cdn.nlark.com/yuque/0/2023/png/103125/1694513696571-0458a2d9-9dd8-4eab-a04b-671e4fd66e09.png#averageHue=%23fafaf9&clientId=u332e1e90-72b8-4&from=paste&height=205&id=yNmiq&originHeight=510&originWidth=798&originalType=binary&ratio=2&rotation=0&showTitle=false&size=115244&status=done&style=stroke&taskId=uc713068b-6030-4d7a-afcd-320c5c41050&title=&width=320)

- 在教育邮箱中查收该邮件，点击「**立即验证**」

![image.png](https://cdn.nlark.com/yuque/0/2023/png/103125/1694513756376-8dc9a3bd-ec24-43b6-9a2f-5f7760fc421b.png#averageHue=%23eff1ec&clientId=u332e1e90-72b8-4&from=paste&height=395&id=KCBN7&originHeight=1318&originWidth=800&originalType=binary&ratio=2&rotation=0&showTitle=false&size=333950&status=done&style=stroke&taskId=u7cdd9fb7-3d23-4f44-8367-fe4adbfec15&title=&width=240)

- 完成认证，直接获得会员 ✅

#### 适合老用户：会员信息页直接认证

- 来到「账户设置-会员信息」页面，点击【**立即认证**】

![image.png](https://cdn.nlark.com/yuque/0/2023/png/103125/1694511270833-fc586c50-cc11-45ef-8fae-96961ec92150.png#averageHue=%23f2f2ea&clientId=u07c6fafd-7c7b-4&from=paste&height=229&id=dgJI8&originHeight=710&originWidth=1028&originalType=binary&ratio=2&rotation=0&showTitle=false&size=255499&status=done&style=stroke&taskId=ucca249a2-c403-4d7b-a3e6-549bae9d135&title=&width=331.5)
![image.png](https://cdn.nlark.com/yuque/0/2023/png/103125/1694513621870-1e0659bf-0bd5-4f55-9519-a9dc663f5111.png#averageHue=%23f6f5f1&clientId=u332e1e90-72b8-4&from=paste&height=218&id=uRJCj&originHeight=1376&originWidth=1954&originalType=binary&ratio=2&rotation=0&showTitle=false&size=641657&status=done&style=stroke&taskId=u6ff96fc8-7863-432f-b0f4-d983259e98c&title=&width=310)

- 输入教育邮箱，点击发送认证邮件

![image.png](https://cdn.nlark.com/yuque/0/2023/png/103125/1694513696571-0458a2d9-9dd8-4eab-a04b-671e4fd66e09.png#averageHue=%23fafaf9&clientId=u332e1e90-72b8-4&from=paste&height=205&id=u9301cf88&originHeight=510&originWidth=798&originalType=binary&ratio=2&rotation=0&showTitle=false&size=115244&status=done&style=stroke&taskId=uc713068b-6030-4d7a-afcd-320c5c41050&title=&width=320)

- 在教育邮箱中查收该邮件，点击「立即验证」

![image.png](https://cdn.nlark.com/yuque/0/2023/png/103125/1694513756376-8dc9a3bd-ec24-43b6-9a2f-5f7760fc421b.png#averageHue=%23eff1ec&clientId=u332e1e90-72b8-4&from=paste&height=395&id=u79d7417f&originHeight=1318&originWidth=800&originalType=binary&ratio=2&rotation=0&showTitle=false&size=333950&status=done&style=stroke&taskId=u7cdd9fb7-3d23-4f44-8367-fe4adbfec15&title=&width=240)

- 完成认证，直接获得会员 ✅




> 原文: <https://www.yuque.com/yuque/welfare/edu>"
`;
